[?2004h[?25lHi. This program will exit in 10 seconds. To quit sooner press any key[30C9 seconds. To quit sooner press any key.
[?25h[?2004l
