[?2004h[?25lAll pings:
from m1
from m1
from m2
from m2
from m2
from m2[?25h[?2004l
